404.html
CNAME
Gemfile
Gemfile.lock
LICENSE.md
README.md
Rakefile
_config.yml
_data
_drafts
_includes
_layouts
_posts
_site
assets
compare.md
data.md
download
favicon.ico
forecasts
index.html
methodology.md
pages
reproduction.md
rss-feed.xml
statereports.md
static.json
test.log
404.html
CNAME
Gemfile
Gemfile.lock
LICENSE.md
README.md
Rakefile
_config.yml
_data
_drafts
_includes
_layouts
_posts
_site
assets
compare.md
data.md
download
favicon.ico
forecasts
index.html
methodology.md
pages
reproduction.md
rss-feed.xml
statereports.md
static.json
test.log
